run_id=v1.0.0-demo-20261008T020017Z; manifest validated; candidate=1.0.0; baseline=77cac3dd475f2999364ecd2f3c7d44e6ff6cb812; dirty=True
test_report: exit_code=0 command=/usr/sbin/python -m pytest tests/ -q
DEMO-001: n=4 len_hill=0 roundtrip=OK
DEMO-002: n=6 len_hill=36 roundtrip=OK
DEMO-003: n=4 len_hill=6000 roundtrip=OK
DEMO-004: n=6 len_hill=5982 roundtrip=OK
DEMO-005: n=12 len_hill=99996 roundtrip=OK
DEMO-006: n=24 len_hill=600000 roundtrip=OK
DEMO-007: n=6 len_hill=486 roundtrip=OK
DEMO-008: n=48 len_hill=5199984 roundtrip=OK
DEMO-009: n=8 len_hill=100000 roundtrip=OK
DEMO-010: n=16 len_hill=600000 roundtrip=OK
DEMO-011: n=32 len_hill=5200000 roundtrip=OK
wrote 154 benchmark rows, 11 integrity rows
experiments: exit_code=0 command=/usr/sbin/python scripts/run_experiments.py --config configs/demo.yaml --run-dir results/runs/v1.0.0-demo-20261008T020017Z --run-id v1.0.0-demo-20261008T020017Z
summarize: exit_code=0 command=/usr/sbin/python scripts/summarize_results.py --run-dir results/runs/v1.0.0-demo-20261008T020017Z
figures: exit_code=0 command=/usr/sbin/python scripts/generate_figures.py --run-dir results/runs/v1.0.0-demo-20261008T020017Z --demo-dir data/demo
cli_encrypt: exit_code=0 command=/usr/sbin/python -m pm_bg_aes.cli encrypt data/demo/demo_002_tiny.bin -o results/runs/v1.0.0-demo-20261008T020017Z/scratch/smoke/tiny.enc
cli_decrypt: exit_code=0 command=/usr/sbin/python -m pm_bg_aes.cli decrypt results/runs/v1.0.0-demo-20261008T020017Z/scratch/smoke/tiny.enc -o results/runs/v1.0.0-demo-20261008T020017Z/scratch/smoke/tiny.dec
cli_verify: exit_code=0 command=/usr/sbin/python -m pm_bg_aes.cli verify data/demo/demo_002_tiny.bin results/runs/v1.0.0-demo-20261008T020017Z/scratch/smoke/tiny.dec
report written; run completed
